// Jest Snapshot v1, https://goo.gl/fbAQLP

exports[`Component: ProductCard should render correctly 1`] = `
<div>
  <div
    class="product-card "
  >
    <div
      class="product-card__img"
    >
      <picture>
        <source
          srcset="/"
          type="/"
        />
        <img
          alt=""
          height="240"
          src="/"
          srcset="/"
          width="280"
        />
      </picture>
    </div>
    <div
      class="product-card__info"
    >
      <div
        class="rate product-card__rate"
      >
        <svg
          aria-hidden="true"
          height="16"
          width="17"
        >
          <use
            xlink:href="#icon-full-star"
          />
        </svg>
        <svg
          aria-hidden="true"
          height="16"
          width="17"
        >
          <use
            xlink:href="#icon-star"
          />
        </svg>
        <svg
          aria-hidden="true"
          height="16"
          width="17"
        >
          <use
            xlink:href="#icon-star"
          />
        </svg>
        <svg
          aria-hidden="true"
          height="16"
          width="17"
        >
          <use
            xlink:href="#icon-star"
          />
        </svg>
        <svg
          aria-hidden="true"
          height="16"
          width="17"
        >
          <use
            xlink:href="#icon-star"
          />
        </svg>
        <p
          class="visually-hidden"
        >
          Рейтинг: 
          1
        </p>
        <p
          class="rate__count"
        >
          <span
            class="visually-hidden"
          >
            Всего оценок:
          </span>
          1
        </p>
      </div>
      <p
        class="product-card__title"
      />
      <p
        class="product-card__price"
      >
        <span
          class="visually-hidden"
        >
          Цена:
        </span>
        1
         ₽
      </p>
    </div>
    <div
      class="product-card__buttons"
    >
      <button
        class="btn btn--purple product-card__btn"
        type="button"
      >
        Купить
      </button>
      <a
        class="btn btn--transparent"
        href="/product/1"
      >
        Подробнее
      </a>
    </div>
  </div>
</div>
`;
