// Jest Snapshot v1, https://goo.gl/fbAQLP

exports[`Component: SortForm should render correctly 1`] = `
<div>
  <div
    class="catalog-sort"
  >
    <form
      action="#"
    >
      <div
        class="catalog-sort__inner"
      >
        <p
          class="title title--h5"
        >
          Сортировать:
        </p>
        <div
          class="catalog-sort__type"
        >
          <div
            class="catalog-sort__btn-text"
          >
            <input
              id="price"
              name="sort"
              type="radio"
              value="price"
            />
            <label
              for="price"
            >
              по цене
            </label>
          </div>
          <div
            class="catalog-sort__btn-text"
          >
            <input
              id="rating"
              name="sort"
              type="radio"
              value="rating"
            />
            <label
              for="rating"
            >
              по популярности
            </label>
          </div>
        </div>
        <div
          class="catalog-sort__order"
        >
          <div
            class="catalog-sort__btn catalog-sort__btn--up"
          >
            <input
              aria-label="по возрастанию"
              id="up"
              name="sort-icon"
              type="radio"
              value="asc"
            />
            <label
              for="up"
            >
              <svg
                aria-hidden="true"
                height="14"
                width="16"
              >
                <use
                  xlink:href="#icon-sort"
                />
              </svg>
            </label>
          </div>
          <div
            class="catalog-sort__btn catalog-sort__btn--down"
          >
            <input
              aria-label="по убыванию"
              id="down"
              name="sort-icon"
              type="radio"
              value="desc"
            />
            <label
              for="down"
            >
              <svg
                aria-hidden="true"
                height="14"
                width="16"
              >
                <use
                  xlink:href="#icon-sort"
                />
              </svg>
            </label>
          </div>
        </div>
      </div>
    </form>
  </div>
</div>
`;
