// Jest Snapshot v1, https://goo.gl/fbAQLP

exports[`Component: ReviewItem should render correctly 1`] = `
<div>
  <li
    class="review-card"
  >
    <div
      class="review-card__head"
    >
      <p
        class="title title--h4"
      />
      <time
        class="review-card__data"
        datetime=""
      >
        NaN undefined
      </time>
    </div>
    <div
      class="rate review-card__rate"
    >
      <svg
        aria-hidden="true"
        height="16"
        width="17"
      >
        <use
          xlink:href="#icon-full-star"
        />
      </svg>
      <svg
        aria-hidden="true"
        height="16"
        width="17"
      >
        <use
          xlink:href="#icon-star"
        />
      </svg>
      <svg
        aria-hidden="true"
        height="16"
        width="17"
      >
        <use
          xlink:href="#icon-star"
        />
      </svg>
      <svg
        aria-hidden="true"
        height="16"
        width="17"
      >
        <use
          xlink:href="#icon-star"
        />
      </svg>
      <svg
        aria-hidden="true"
        height="16"
        width="17"
      >
        <use
          xlink:href="#icon-star"
        />
      </svg>
      <p
        class="visually-hidden"
      >
        Оценка: 
        1
      </p>
    </div>
    <ul
      class="review-card__list"
    >
      <li
        class="item-list"
      >
        <span
          class="item-list__title"
        >
          Достоинства:
        </span>
        <p
          class="item-list__text"
        />
      </li>
      <li
        class="item-list"
      >
        <span
          class="item-list__title"
        >
          Недостатки:
        </span>
        <p
          class="item-list__text"
        />
      </li>
      <li
        class="item-list"
      >
        <span
          class="item-list__title"
        >
          Комментарий:
        </span>
        <p
          class="item-list__text"
        />
      </li>
    </ul>
  </li>
</div>
`;
