// Jest Snapshot v1, https://goo.gl/fbAQLP

exports[`Component: SearchForm should render correctly 1`] = `
<div>
  <form>
    <label>
      <svg
        aria-hidden="true"
        class="form-search__icon"
        height="16"
        width="16"
      >
        <use
          xlink:href="#icon-lens"
        />
      </svg>
      <input
        autocomplete="off"
        class="form-search__input"
        placeholder="Поиск по сайту"
        type="text"
      />
    </label>
    <ul
      class="form-search__select-list"
    >
      <li
        class="form-search__select-item"
        tabindex="0"
      >
        Cannonball Pro MX 8i
      </li>
      <li
        class="form-search__select-item"
        tabindex="0"
      >
        Cannonball Pro MX 7i
      </li>
      <li
        class="form-search__select-item"
        tabindex="0"
      >
        Cannonball Pro MX 6i
      </li>
      <li
        class="form-search__select-item"
        tabindex="0"
      >
        Cannonball Pro MX 5i
      </li>
      <li
        class="form-search__select-item"
        tabindex="0"
      >
        Cannonball Pro MX 4i
      </li>
    </ul>
  </form>
</div>
`;
